// Jest Snapshot v1, https://goo.gl/fbAQLP

exports[`Home component 1`] = `
<div
  className="flex-row-container"
>
  <div
    className="flex-row-item"
  >
    <img
      alt="test"
      className="image-style"
      onError={[Function]}
      src="media/poster1.jpg"
    />
    <div
      className="card-text"
    >
      The Birds
    </div>
  </div>
  <div
    className="flex-row-item"
  >
    <img
      alt="test"
      className="image-style"
      onError={[Function]}
      src="media/poster2.jpg"
    />
    <div
      className="card-text"
    >
      Rear Window
    </div>
  </div>
  <div
    className="flex-row-item"
  >
    <img
      alt="test"
      className="image-style"
      onError={[Function]}
      src="media/poster3.jpg"
    />
    <div
      className="card-text"
    >
      Family Pot
    </div>
  </div>
  <div
    className="flex-row-item"
  >
    <img
      alt="test"
      className="image-style"
      onError={[Function]}
      src="media/poster2.jpg"
    />
    <div
      className="card-text"
    >
      Family Pot
    </div>
  </div>
  <div
    className="flex-row-item"
  >
    <img
      alt="test"
      className="image-style"
      onError={[Function]}
      src="media/poster1.jpg"
    />
    <div
      className="card-text"
    >
      Rear Window
    </div>
  </div>
  <div
    className="flex-row-item"
  >
    <img
      alt="test"
      className="image-style"
      onError={[Function]}
      src="media/poster3.jpg"
    />
    <div
      className="card-text"
    >
      The Birds
    </div>
  </div>
  <div
    className="flex-row-item"
  >
    <img
      alt="test"
      className="image-style"
      onError={[Function]}
      src="media/poster3.jpg"
    />
    <div
      className="card-text"
    >
      Rear Window
    </div>
  </div>
  <div
    className="flex-row-item"
  >
    <img
      alt="test"
      className="image-style"
      onError={[Function]}
      src="media/poster2.jpg"
    />
    <div
      className="card-text"
    >
      The Birds
    </div>
  </div>
  <div
    className="flex-row-item"
  >
    <img
      alt="test"
      className="image-style"
      onError={[Function]}
      src="media/poster1.jpg"
    />
    <div
      className="card-text"
    >
      Family Pot
    </div>
  </div>
  <div
    className="flex-row-item"
  >
    <img
      alt="test"
      className="image-style"
      onError={[Function]}
      src="media/poster1.jpg"
    />
    <div
      className="card-text"
    >
      The Birds
    </div>
  </div>
  <div
    className="flex-row-item"
  >
    <img
      alt="test"
      className="image-style"
      onError={[Function]}
      src="media/poster1.jpg"
    />
    <div
      className="card-text"
    >
      The Birds
    </div>
  </div>
  <div
    className="flex-row-item"
  >
    <img
      alt="test"
      className="image-style"
      onError={[Function]}
      src="media/poster2.jpg"
    />
    <div
      className="card-text"
    >
      Rear Window
    </div>
  </div>
  <div
    className="flex-row-item"
  >
    <img
      alt="test"
      className="image-style"
      onError={[Function]}
      src="media/poster3.jpg"
    />
    <div
      className="card-text"
    >
      Family Pot
    </div>
  </div>
  <div
    className="flex-row-item"
  >
    <img
      alt="test"
      className="image-style"
      onError={[Function]}
      src="media/poster2.jpg"
    />
    <div
      className="card-text"
    >
      Family Pot
    </div>
  </div>
  <div
    className="flex-row-item"
  >
    <img
      alt="test"
      className="image-style"
      onError={[Function]}
      src="media/poster1.jpg"
    />
    <div
      className="card-text"
    >
      Rear Window
    </div>
  </div>
  <div
    className="flex-row-item"
  >
    <img
      alt="test"
      className="image-style"
      onError={[Function]}
      src="media/poster3.jpg"
    />
    <div
      className="card-text"
    >
      The Birds
    </div>
  </div>
  <div
    className="flex-row-item"
  >
    <img
      alt="test"
      className="image-style"
      onError={[Function]}
      src="media/poster3.jpg"
    />
    <div
      className="card-text"
    >
      Rear Window
    </div>
  </div>
  <div
    className="flex-row-item"
  >
    <img
      alt="test"
      className="image-style"
      onError={[Function]}
      src="media/poster2.jpg"
    />
    <div
      className="card-text"
    >
      The Birds
    </div>
  </div>
  <div
    className="flex-row-item"
  >
    <img
      alt="test"
      className="image-style"
      onError={[Function]}
      src="media/poster1.jpg"
    />
    <div
      className="card-text"
    >
      Family Pot
    </div>
  </div>
  <div
    className="flex-row-item"
  >
    <img
      alt="test"
      className="image-style"
      onError={[Function]}
      src="media/poster1.jpg"
    />
    <div
      className="card-text"
    >
      The Birds
    </div>
  </div>
</div>
`;
